main.adb:30:31: warning: pragma Restrictions (No_Exception_Propagation) in effect [-gnatw.x]
main.adb:30:31: warning: "Constraint_Error" may call Last_Chance_Handler [-gnatw.x]
main.adb:45:32: warning: pragma Restrictions (No_Exception_Propagation) in effect [-gnatw.x]
main.adb:45:32: warning: "Constraint_Error" may call Last_Chance_Handler [-gnatw.x]
main.adb:45:56: warning: pragma Restrictions (No_Exception_Propagation) in effect [-gnatw.x]
main.adb:45:56: warning: "Constraint_Error" may call Last_Chance_Handler [-gnatw.x]
main.adb:59:27: warning: pragma Restrictions (No_Exception_Propagation) in effect [-gnatw.x]
main.adb:59:27: warning: "Constraint_Error" may call Last_Chance_Handler [-gnatw.x]
main.adb:72:25: warning: pragma Restrictions (No_Exception_Propagation) in effect [-gnatw.x]
main.adb:72:25: warning: "Constraint_Error" may call Last_Chance_Handler [-gnatw.x]
main.adb:73:27: warning: pragma Restrictions (No_Exception_Propagation) in effect [-gnatw.x]
main.adb:73:27: warning: "Constraint_Error" may call Last_Chance_Handler [-gnatw.x]
main.adb:74:16: warning: pragma Restrictions (No_Exception_Propagation) in effect [-gnatw.x]
main.adb:74:16: warning: "Constraint_Error" may call Last_Chance_Handler [-gnatw.x]
main.adb:74:21: warning: pragma Restrictions (No_Exception_Propagation) in effect [-gnatw.x]
main.adb:74:21: warning: "Constraint_Error" may call Last_Chance_Handler [-gnatw.x]
main.adb:155:58: warning: pragma Restrictions (No_Exception_Propagation) in effect [-gnatw.x]
main.adb:155:58: warning: "Constraint_Error" may call Last_Chance_Handler [-gnatw.x]
main.adb:156:25: warning: pragma Restrictions (No_Exception_Propagation) in effect [-gnatw.x]
main.adb:156:25: warning: "Constraint_Error" may call Last_Chance_Handler [-gnatw.x]
main.adb:156:29: warning: pragma Restrictions (No_Exception_Propagation) in effect [-gnatw.x]
main.adb:156:29: warning: "Constraint_Error" may call Last_Chance_Handler [-gnatw.x]
main.adb:156:39: warning: pragma Restrictions (No_Exception_Propagation) in effect [-gnatw.x]
main.adb:156:39: warning: "Constraint_Error" may call Last_Chance_Handler [-gnatw.x]
main.adb:156:42: warning: pragma Restrictions (No_Exception_Propagation) in effect [-gnatw.x]
main.adb:156:42: warning: "Constraint_Error" may call Last_Chance_Handler [-gnatw.x]
main.adb:156:46: warning: pragma Restrictions (No_Exception_Propagation) in effect [-gnatw.x]
main.adb:156:46: warning: "Constraint_Error" may call Last_Chance_Handler [-gnatw.x]
main.adb:158:25: warning: pragma Restrictions (No_Exception_Propagation) in effect [-gnatw.x]
main.adb:158:25: warning: "Constraint_Error" may call Last_Chance_Handler [-gnatw.x]
main.adb:158:29: warning: pragma Restrictions (No_Exception_Propagation) in effect [-gnatw.x]
main.adb:158:29: warning: "Constraint_Error" may call Last_Chance_Handler [-gnatw.x]
main.adb:158:39: warning: pragma Restrictions (No_Exception_Propagation) in effect [-gnatw.x]
main.adb:158:39: warning: "Constraint_Error" may call Last_Chance_Handler [-gnatw.x]
main.adb:158:42: warning: pragma Restrictions (No_Exception_Propagation) in effect [-gnatw.x]
main.adb:158:42: warning: "Constraint_Error" may call Last_Chance_Handler [-gnatw.x]
main.adb:158:46: warning: pragma Restrictions (No_Exception_Propagation) in effect [-gnatw.x]
main.adb:158:46: warning: "Constraint_Error" may call Last_Chance_Handler [-gnatw.x]
main.adb:170:27: warning: "K" is not modified, could be declared constant [-gnatwk]
main.adb:170:46: warning: "KL" is not modified, could be declared constant [-gnatwk]
main.adb:175:40: warning: pragma Restrictions (No_Exception_Propagation) in effect [-gnatw.x]
main.adb:175:40: warning: "Constraint_Error" may call Last_Chance_Handler [-gnatw.x]
main.adb:176:25: warning: pragma Restrictions (No_Exception_Propagation) in effect [-gnatw.x]
main.adb:176:25: warning: "Constraint_Error" may call Last_Chance_Handler [-gnatw.x]
main.adb:176:29: warning: pragma Restrictions (No_Exception_Propagation) in effect [-gnatw.x]
main.adb:176:29: warning: "Constraint_Error" may call Last_Chance_Handler [-gnatw.x]
main.adb:176:49: warning: pragma Restrictions (No_Exception_Propagation) in effect [-gnatw.x]
main.adb:176:49: warning: "Constraint_Error" may call Last_Chance_Handler [-gnatw.x]
main.adb:176:53: warning: pragma Restrictions (No_Exception_Propagation) in effect [-gnatw.x]
main.adb:176:53: warning: "Constraint_Error" may call Last_Chance_Handler [-gnatw.x]
main.adb:177:47: warning: pragma Restrictions (No_Exception_Propagation) in effect [-gnatw.x]
main.adb:177:47: warning: "Constraint_Error" may call Last_Chance_Handler [-gnatw.x]
main.adb:177:51: warning: pragma Restrictions (No_Exception_Propagation) in effect [-gnatw.x]
main.adb:177:51: warning: "Constraint_Error" may call Last_Chance_Handler [-gnatw.x]
main.adb:177:57: warning: pragma Restrictions (No_Exception_Propagation) in effect [-gnatw.x]
main.adb:177:57: warning: "Constraint_Error" may call Last_Chance_Handler [-gnatw.x]
main.adb:177:63: warning: pragma Restrictions (No_Exception_Propagation) in effect [-gnatw.x]
main.adb:177:63: warning: "Constraint_Error" may call Last_Chance_Handler [-gnatw.x]
main.adb:177:69: warning: pragma Restrictions (No_Exception_Propagation) in effect [-gnatw.x]
main.adb:177:69: warning: "Constraint_Error" may call Last_Chance_Handler [-gnatw.x]
main.adb:177:72: warning: pragma Restrictions (No_Exception_Propagation) in effect [-gnatw.x]
main.adb:177:72: warning: "Constraint_Error" may call Last_Chance_Handler [-gnatw.x]
main.adb:178:47: warning: pragma Restrictions (No_Exception_Propagation) in effect [-gnatw.x]
main.adb:178:47: warning: "Constraint_Error" may call Last_Chance_Handler [-gnatw.x]
main.adb:178:51: warning: pragma Restrictions (No_Exception_Propagation) in effect [-gnatw.x]
main.adb:178:51: warning: "Constraint_Error" may call Last_Chance_Handler [-gnatw.x]
main.adb:178:57: warning: pragma Restrictions (No_Exception_Propagation) in effect [-gnatw.x]
main.adb:178:57: warning: "Constraint_Error" may call Last_Chance_Handler [-gnatw.x]
main.adb:178:63: warning: pragma Restrictions (No_Exception_Propagation) in effect [-gnatw.x]
main.adb:178:63: warning: "Constraint_Error" may call Last_Chance_Handler [-gnatw.x]
main.adb:178:69: warning: pragma Restrictions (No_Exception_Propagation) in effect [-gnatw.x]
main.adb:178:69: warning: "Constraint_Error" may call Last_Chance_Handler [-gnatw.x]
main.adb:178:72: warning: pragma Restrictions (No_Exception_Propagation) in effect [-gnatw.x]
main.adb:178:72: warning: "Constraint_Error" may call Last_Chance_Handler [-gnatw.x]
main.adb:189:24: warning: "N" is not modified, could be declared constant [-gnatwk]
main.adb:189:63: warning: pragma Restrictions (No_Exception_Propagation) in effect [-gnatw.x]
main.adb:189:63: warning: "Constraint_Error" may call Last_Chance_Handler [-gnatw.x]
main.adb:191:37: warning: pragma Restrictions (No_Exception_Propagation) in effect [-gnatw.x]
main.adb:191:37: warning: "Constraint_Error" may call Last_Chance_Handler [-gnatw.x]
main.adb:193:50: warning: pragma Restrictions (No_Exception_Propagation) in effect [-gnatw.x]
main.adb:193:50: warning: "Constraint_Error" may call Last_Chance_Handler [-gnatw.x]
main.adb:193:54: warning: pragma Restrictions (No_Exception_Propagation) in effect [-gnatw.x]
main.adb:193:54: warning: "Constraint_Error" may call Last_Chance_Handler [-gnatw.x]
main.adb:193:60: warning: pragma Restrictions (No_Exception_Propagation) in effect [-gnatw.x]
main.adb:193:60: warning: "Constraint_Error" may call Last_Chance_Handler [-gnatw.x]
main.adb:193:66: warning: pragma Restrictions (No_Exception_Propagation) in effect [-gnatw.x]
main.adb:193:66: warning: "Constraint_Error" may call Last_Chance_Handler [-gnatw.x]
